[ {
  "blockHash" : "0000000000bef5d742ad3ea3fab0548bf33077a6a91426f37e6ea90bf40205dd",
  "transactionHash" : "23b2743fe356f0cc125e19375eb37032ee4e7b8bb82c931238969e49366f1333",
  "address" : "1JwdLXR8V6qoDvt58uWwDstpuN3U6AHMJW",
  "value" : 5001000000,
  "isInput" : false,
  "index" : 0,
  "timeMs" : 1279500112000
}, {
  "blockHash" : "0000000000bef5d742ad3ea3fab0548bf33077a6a91426f37e6ea90bf40205dd",
  "transactionHash" : "8acc1082a9f4260065fb22d24700b2c0a5efb8fa18767aa8f40e91b3036b1515",
  "address" : "172R74AK4QEqL4WFBNa6uc6TiebDKnnaHX",
  "value" : -32000000,
  "isInput" : true,
  "index" : 0,
  "timeMs" : 1279500112000
}, {
  "blockHash" : "0000000000bef5d742ad3ea3fab0548bf33077a6a91426f37e6ea90bf40205dd",
  "transactionHash" : "8acc1082a9f4260065fb22d24700b2c0a5efb8fa18767aa8f40e91b3036b1515",
  "address" : "16jD8kWMTDRrdn9UJS5dLaF1s3UGupiBYn",
  "value" : 5000000,
  "isInput" : false,
  "index" : 0,
  "timeMs" : 1279500112000
}, {
  "blockHash" : "0000000000bef5d742ad3ea3fab0548bf33077a6a91426f37e6ea90bf40205dd",
  "transactionHash" : "8acc1082a9f4260065fb22d24700b2c0a5efb8fa18767aa8f40e91b3036b1515",
  "address" : "1QHZtoLVDEDNhkWDGgCKPnUg46Ar5XnxKf",
  "value" : 26000000,
  "isInput" : false,
  "index" : 1,
  "timeMs" : 1279500112000
} ]